# serializer version: 1
# name: test_all_disabled_parking_spaces
  list([
    DisabledParking(entry_id=42044, number=1, orientation='Langs', destiny='mindervalide', window_time=None, lined=False, status='actief', gis_id='GIS_J_4213', created_at=datetime.datetime(2022, 7, 12, 2, 0, tzinfo=<DstTzInfo 'Europe/Brussels' CEST+2:00:00 DST>), coordinates=[[4.391823216523055, 51.204380414721534], [4.391890655441355, 51.20439166725936], [4.391920670914526, 51.20439667495787], [4.391912910140442, 51.204413466938526], [4.391912672866264, 51.20441394067745], [4.391815870951576, 51.204397789063655], [4.391823216523055, 51.204380414721534]]),
    DisabledParking(entry_id=42045, number=1, orientation='Langs', destiny='mindervalide', window_time=None, lined=False, status='actief', gis_id='GIS_102', created_at=datetime.datetime(2020, 2, 6, 1, 0, tzinfo=<DstTzInfo 'Europe/Brussels' CET+1:00:00 STD>), coordinates=[[4.455675140268877, 51.23493059018865], [4.455645047689535, 51.234920763051], [4.455691403116768, 51.234864822120784], [4.455721494237986, 51.23487464924792], [4.455675140268877, 51.23493059018865]]),
    DisabledParking(entry_id=42046, number=1, orientation='Langs', destiny='mindervalide', window_time=None, lined=False, status='actief', gis_id='GIS_103', created_at=datetime.datetime(2019, 12, 10, 1, 0, tzinfo=<DstTzInfo 'Europe/Brussels' CET+1:00:00 STD>), coordinates=[[4.426031684618144, 51.21583231636185], [4.426003855387162, 51.21584377404424], [4.425946830909598, 51.21579469741439], [4.4259733277135656, 51.21578209437603], [4.426031684618144, 51.21583231636185]]),
    DisabledParking(entry_id=42047, number=1, orientation='Langs', destiny='mindervalide', window_time=None, lined=False, status='actief', gis_id='GIS_109', created_at=datetime.datetime(2020, 1, 29, 1, 0, tzinfo=<DstTzInfo 'Europe/Brussels' CET+1:00:00 STD>), coordinates=[[4.4077970933008155, 51.2028035236245], [4.4078555624104, 51.20285450891529], [4.40783234560851, 51.20286501703832], [4.407774278858268, 51.20281438394837], [4.4077970933008155, 51.2028035236245]]),
    DisabledParking(entry_id=42048, number=1, orientation='Dwars', destiny='mindervalide', window_time=None, lined=False, status='actief', gis_id='GIS_110', created_at=datetime.datetime(2019, 8, 9, 2, 0, tzinfo=<DstTzInfo 'Europe/Brussels' CEST+2:00:00 DST>), coordinates=[[4.380429025818914, 51.2256858501889], [4.380349785386456, 51.22568696222369], [4.38034909565823, 51.22566616230958], [4.3803490538075245, 51.22566488057244], [4.38042838580686, 51.225663730777406], [4.380428417590236, 51.22566482735518], [4.380429025818914, 51.2256858501889]]),
    DisabledParking(entry_id=42049, number=1, orientation='Dwars', destiny='mindervalide', window_time=None, lined=False, status='actief', gis_id='GIS_111', created_at=datetime.datetime(2019, 8, 9, 2, 0, tzinfo=<DstTzInfo 'Europe/Brussels' CEST+2:00:00 DST>), coordinates=[[4.380429665828582, 51.22570795791531], [4.380350519835611, 51.22570906904189], [4.380349785386456, 51.22568696222369], [4.380429025818914, 51.2256858501889], [4.380429665828582, 51.22570795791531]]),
    DisabledParking(entry_id=42050, number=1, orientation='Langs', destiny='mindervalide', window_time=None, lined=False, status='actief', gis_id='GIS_113', created_at=datetime.datetime(2020, 2, 7, 1, 0, tzinfo=<DstTzInfo 'Europe/Brussels' CET+1:00:00 STD>), coordinates=[[4.449146791285996, 51.22905234261221], [4.449212533133099, 51.229007611870834], [4.449233798323922, 51.22901942955687], [4.449168083649293, 51.22906414231456], [4.449146791285996, 51.22905234261221]]),
    DisabledParking(entry_id=42051, number=1, orientation='Langs', destiny='mindervalide', window_time=None, lined=False, status='actief', gis_id='GIS_1132', created_at=datetime.datetime(2019, 9, 30, 2, 0, tzinfo=<DstTzInfo 'Europe/Brussels' CEST+2:00:00 DST>), coordinates=[[4.419602987720314, 51.228704999836886], [4.419627146201948, 51.228695344793614], [4.419680052663834, 51.22874965994693], [4.419655629020243, 51.22875904007267], [4.419655318016714, 51.22875872112155], [4.419602987720314, 51.228704999836886]]),
    DisabledParking(entry_id=42052, number=1, orientation='Langs', destiny='mindervalide', window_time=None, lined=False, status='actief', gis_id='GIS_1138', created_at=datetime.datetime(2019, 9, 30, 2, 0, tzinfo=<DstTzInfo 'Europe/Brussels' CEST+2:00:00 DST>), coordinates=[[4.420449466563296, 51.229550742572265], [4.420473592352026, 51.22954106130764], [4.420515977169261, 51.22958271254125], [4.420491835603105, 51.22959237854114], [4.420449466563296, 51.229550742572265]]),
    DisabledParking(entry_id=42053, number=1, orientation='Langs', destiny='mindervalide', window_time=None, lined=False, status='actief', gis_id='GIS_1139', created_at=None, coordinates=[[4.420499478750253, 51.22959989031804], [4.4204918370347235, 51.22959237854052], [4.420515977169261, 51.22958271254125], [4.420523786566688, 51.22959038693213], [4.420558223045742, 51.22962422899532], [4.42053409436538, 51.229633907581686], [4.420499478750253, 51.22959989031804]]),
  ])
# ---
